// Jest Snapshot v1, https://goo.gl/fbAQLP

exports[`testing navigation appbar should render correctly 1`] = `ShallowWrapper {}`;
